Testing Supabase Realtime Connection...
